============================= test session starts =============================
platform win32 -- Python 3.14.4, pytest-9.0.3, pluggy-1.6.0 -- C:\Python314\python.exe
cachedir: .pytest_cache
rootdir: C:\Users\LENOVO\Desktop\serialkey\PROJECT_REPAIR - Copy\HMS_py
configfile: pytest.ini
plugins: anyio-4.14.2, asyncio-1.4.0, cov-7.1.0, timeout-2.4.0
asyncio: mode=Mode.STRICT, debug=False, asyncio_default_fixture_loop_scope=None, asyncio_default_test_loop_scope=function
collecting ... collected 0 items

============================ no tests ran in 0.01s ============================
ERROR: file or directory not found: tests\test_validation_crud.py

